2026-05-22 03:55:37 INFO Running anemoi training command with overrides: ['--config-path', '/scratch3/NCEPDEV/fv3-cam/Ting.Lei/dr-anemoi-core/anemoi-core/training/docs/user-guide/examples', '--config-name', 'anemoi-training-rrfs-lam-neural-lam-verify-202405-3h-refc-value-base_3_v1-refc-input-no-hydrometeors-finer-graph-v1-single-input-day20240505', 'system.input.warm_start=/scratch3/NCEPDEV/fv3-cam/Ting.Lei/tlei-anemoi-training/base_3_v1_graphtransformer_finer_graph_v1_single_input_refc_input_no_hydrometeors/checkpoint/6a2d7c51-9d1e-4a41-9e5a-ea8d7412d36e/inference-last.ckpt', 'dataloader.training.datasets.data.start=2024-05-05T00:00:00', 'dataloader.training.datasets.data.end=2024-05-05T23:00:00', 'dataloader.validation.datasets.data.start=2024-05-05T00:00:00', 'dataloader.validation.datasets.data.end=2024-05-05T23:00:00', 'dataloader.test.datasets.data.start=2024-05-05T00:00:00', 'dataloader.test.datasets.data.end=2024-05-05T23:00:00', 'data.frequency=1h', 'dataloader.training.datasets.data.frequency=1h', 'dataloader.validation.datasets.data.frequency=1h', 'dataloader.test.datasets.data.frequency=1h', 'training.num_sanity_val_steps=0', '--cfg', 'job']
/scratch3/NCEPDEV/fv3-cam/Ting.Lei/dr-miniconda3/envs/anemoi-training-env-python3.12/lib/python3.12/site-packages/pydantic/_internal/_generate_schema.py:2249: UnsupportedFieldAttributeWarning: The 'repr' attribute with value False was provided to the `Field()` function, which has no effect in the context it was used. 'repr' is field-specific metadata, and can only be attached to a model field using `Annotated` metadata or by assignment. This may have happened because an `Annotated` type alias using the `type` statement was used, or if the `Field()` function was attached to a single member of a union type.
  warnings.warn(
/scratch3/NCEPDEV/fv3-cam/Ting.Lei/dr-miniconda3/envs/anemoi-training-env-python3.12/lib/python3.12/site-packages/pydantic/_internal/_generate_schema.py:2249: UnsupportedFieldAttributeWarning: The 'frozen' attribute with value True was provided to the `Field()` function, which has no effect in the context it was used. 'frozen' is field-specific metadata, and can only be attached to a model field using `Annotated` metadata or by assignment. This may have happened because an `Annotated` type alias using the `type` statement was used, or if the `Field()` function was attached to a single member of a union type.
  warnings.warn(
2026-05-22 03:57:45 INFO Prepending current user directory (/scratch3/NCEPDEV/fv3-cam/Ting.Lei/dr-anemoi-core/anemoi-core) to the search path.
2026-05-22 03:57:45 INFO Search path is now: [provider=anemoi-cwd-searchpath-plugin, path=/scratch3/NCEPDEV/fv3-cam/Ting.Lei/dr-anemoi-core/anemoi-core, provider=hydra, path=pkg://hydra.conf, provider=main, path=/scratch3/NCEPDEV/fv3-cam/Ting.Lei/dr-anemoi-core/anemoi-core/training/docs/user-guide/examples, provider=anemoi-package-searchpath-plugin, path=pkg://anemoi.training/config]
2026-05-22 03:57:50 INFO Running anemoi training command with overrides: ['--config-path', '/scratch3/NCEPDEV/fv3-cam/Ting.Lei/dr-anemoi-core/anemoi-core/training/docs/user-guide/examples', '--config-name', 'anemoi-training-rrfs-lam-neural-lam-verify-202405-3h-refc-value-base_3_v1-refc-input-no-hydrometeors-finer-graph-v1-single-input-day20240505', 'system.input.warm_start=/scratch3/NCEPDEV/fv3-cam/Ting.Lei/tlei-anemoi-training/base_3_v1_graphtransformer_finer_graph_v1_single_input_refc_input_no_hydrometeors/checkpoint/6a2d7c51-9d1e-4a41-9e5a-ea8d7412d36e/inference-last.ckpt', 'dataloader.training.datasets.data.start=2024-05-05T00:00:00', 'dataloader.training.datasets.data.end=2024-05-05T23:00:00', 'dataloader.validation.datasets.data.start=2024-05-05T00:00:00', 'dataloader.validation.datasets.data.end=2024-05-05T23:00:00', 'dataloader.test.datasets.data.start=2024-05-05T00:00:00', 'dataloader.test.datasets.data.end=2024-05-05T23:00:00', 'data.frequency=1h', 'dataloader.training.datasets.data.frequency=1h', 'dataloader.validation.datasets.data.frequency=1h', 'dataloader.test.datasets.data.frequency=1h', 'training.num_sanity_val_steps=0']
/scratch3/NCEPDEV/fv3-cam/Ting.Lei/dr-miniconda3/envs/anemoi-training-env-python3.12/lib/python3.12/site-packages/pydantic/_internal/_generate_schema.py:2249: UnsupportedFieldAttributeWarning: The 'repr' attribute with value False was provided to the `Field()` function, which has no effect in the context it was used. 'repr' is field-specific metadata, and can only be attached to a model field using `Annotated` metadata or by assignment. This may have happened because an `Annotated` type alias using the `type` statement was used, or if the `Field()` function was attached to a single member of a union type.
  warnings.warn(
/scratch3/NCEPDEV/fv3-cam/Ting.Lei/dr-miniconda3/envs/anemoi-training-env-python3.12/lib/python3.12/site-packages/pydantic/_internal/_generate_schema.py:2249: UnsupportedFieldAttributeWarning: The 'frozen' attribute with value True was provided to the `Field()` function, which has no effect in the context it was used. 'frozen' is field-specific metadata, and can only be attached to a model field using `Annotated` metadata or by assignment. This may have happened because an `Annotated` type alias using the `type` statement was used, or if the `Field()` function was attached to a single member of a union type.
  warnings.warn(
2026-05-22 03:57:57 INFO Prepending current user directory (/scratch3/NCEPDEV/fv3-cam/Ting.Lei/dr-anemoi-core/anemoi-core) to the search path.
2026-05-22 03:57:57 INFO Search path is now: [provider=anemoi-cwd-searchpath-plugin, path=/scratch3/NCEPDEV/fv3-cam/Ting.Lei/dr-anemoi-core/anemoi-core, provider=hydra, path=pkg://hydra.conf, provider=main, path=/scratch3/NCEPDEV/fv3-cam/Ting.Lei/dr-anemoi-core/anemoi-core/training/docs/user-guide/examples, provider=anemoi-package-searchpath-plugin, path=pkg://anemoi.training/config]
/scratch3/NCEPDEV/fv3-cam/Ting.Lei/dr-anemoi-core/anemoi-core/training/src/anemoi/training/losses/scalers/variable_tendency.py:77: UserWarning: Dataset has no tendency statistics! Are you sure you want to use a tendency scaler?
  warnings.warn("Dataset has no tendency statistics! Are you sure you want to use a tendency scaler?")
/scratch3/NCEPDEV/fv3-cam/Ting.Lei/dr-miniconda3/envs/anemoi-training-env-python3.12/lib/python3.12/site-packages/pytorch_lightning/trainer/connectors/data_connector.py:369: You have overridden `transfer_batch_to_device` in `LightningModule` but have passed in a `LightningDataModule`. It will use the implementation from `LightningModule` instance.
/scratch3/NCEPDEV/fv3-cam/Ting.Lei/dr-miniconda3/envs/anemoi-training-env-python3.12/lib/python3.12/site-packages/pytorch_lightning/trainer/connectors/data_connector.py:369: You have overridden `on_after_batch_transfer` in `LightningModule` but have passed in a `LightningDataModule`. It will use the implementation from `LightningModule` instance.
/scratch3/NCEPDEV/fv3-cam/Ting.Lei/dr-miniconda3/envs/anemoi-training-env-python3.12/lib/python3.12/site-packages/torch/distributed/distributed_c10d.py:4631: UserWarning: No device id is provided via `init_process_group` or `barrier `. Using the current device set by the user. 
  warnings.warn(  # warn only once
/scratch3/NCEPDEV/fv3-cam/Ting.Lei/dr-miniconda3/envs/anemoi-training-env-python3.12/lib/python3.12/site-packages/torch/distributed/distributed_c10d.py:4631: UserWarning: No device id is provided via `init_process_group` or `barrier `. Using the current device set by the user. 
  warnings.warn(  # warn only once
/scratch3/NCEPDEV/fv3-cam/Ting.Lei/dr-miniconda3/envs/anemoi-training-env-python3.12/lib/python3.12/site-packages/torch/distributed/distributed_c10d.py:4631: UserWarning: No device id is provided via `init_process_group` or `barrier `. Using the current device set by the user. 
  warnings.warn(  # warn only once
/scratch3/NCEPDEV/fv3-cam/Ting.Lei/dr-miniconda3/envs/anemoi-training-env-python3.12/lib/python3.12/site-packages/torch/distributed/distributed_c10d.py:4631: UserWarning: No device id is provided via `init_process_group` or `barrier `. Using the current device set by the user. 
  warnings.warn(  # warn only once
/scratch3/NCEPDEV/fv3-cam/Ting.Lei/dr-miniconda3/envs/anemoi-training-env-python3.12/lib/python3.12/site-packages/torch/distributed/distributed_c10d.py:4631: UserWarning: No device id is provided via `init_process_group` or `barrier `. Using the current device set by the user. 
  warnings.warn(  # warn only once
/scratch3/NCEPDEV/fv3-cam/Ting.Lei/dr-miniconda3/envs/anemoi-training-env-python3.12/lib/python3.12/site-packages/torch/distributed/distributed_c10d.py:4631: UserWarning: No device id is provided via `init_process_group` or `barrier `. Using the current device set by the user. 
  warnings.warn(  # warn only once
/scratch3/NCEPDEV/fv3-cam/Ting.Lei/dr-miniconda3/envs/anemoi-training-env-python3.12/lib/python3.12/site-packages/torch/distributed/distributed_c10d.py:4631: UserWarning: No device id is provided via `init_process_group` or `barrier `. Using the current device set by the user. 
  warnings.warn(  # warn only once
/scratch3/NCEPDEV/fv3-cam/Ting.Lei/dr-miniconda3/envs/anemoi-training-env-python3.12/lib/python3.12/site-packages/torch/distributed/distributed_c10d.py:4631: UserWarning: No device id is provided via `init_process_group` or `barrier `. Using the current device set by the user. 
  warnings.warn(  # warn only once
/scratch3/NCEPDEV/fv3-cam/Ting.Lei/dr-miniconda3/envs/anemoi-training-env-python3.12/lib/python3.12/site-packages/torch/distributed/distributed_c10d.py:4631: UserWarning: No device id is provided via `init_process_group` or `barrier `. Using the current device set by the user. 
  warnings.warn(  # warn only once
/scratch3/NCEPDEV/fv3-cam/Ting.Lei/dr-miniconda3/envs/anemoi-training-env-python3.12/lib/python3.12/site-packages/torch/distributed/distributed_c10d.py:4631: UserWarning: No device id is provided via `init_process_group` or `barrier `. Using the current device set by the user. 
  warnings.warn(  # warn only once
/scratch3/NCEPDEV/fv3-cam/Ting.Lei/dr-miniconda3/envs/anemoi-training-env-python3.12/lib/python3.12/site-packages/torch/distributed/distributed_c10d.py:4631: UserWarning: No device id is provided via `init_process_group` or `barrier `. Using the current device set by the user. 
  warnings.warn(  # warn only once
/scratch3/NCEPDEV/fv3-cam/Ting.Lei/dr-miniconda3/envs/anemoi-training-env-python3.12/lib/python3.12/site-packages/torch/distributed/distributed_c10d.py:4631: UserWarning: No device id is provided via `init_process_group` or `barrier `. Using the current device set by the user. 
  warnings.warn(  # warn only once
/scratch3/NCEPDEV/fv3-cam/Ting.Lei/dr-miniconda3/envs/anemoi-training-env-python3.12/lib/python3.12/site-packages/torch/distributed/distributed_c10d.py:4631: UserWarning: No device id is provided via `init_process_group` or `barrier `. Using the current device set by the user. 
  warnings.warn(  # warn only once
/scratch3/NCEPDEV/fv3-cam/Ting.Lei/dr-miniconda3/envs/anemoi-training-env-python3.12/lib/python3.12/site-packages/torch/distributed/distributed_c10d.py:4631: UserWarning: No device id is provided via `init_process_group` or `barrier `. Using the current device set by the user. 
  warnings.warn(  # warn only once
/scratch3/NCEPDEV/fv3-cam/Ting.Lei/dr-miniconda3/envs/anemoi-training-env-python3.12/lib/python3.12/site-packages/torch/distributed/distributed_c10d.py:4631: UserWarning: No device id is provided via `init_process_group` or `barrier `. Using the current device set by the user. 
  warnings.warn(  # warn only once
/scratch3/NCEPDEV/fv3-cam/Ting.Lei/dr-miniconda3/envs/anemoi-training-env-python3.12/lib/python3.12/site-packages/torch/distributed/distributed_c10d.py:4631: UserWarning: No device id is provided via `init_process_group` or `barrier `. Using the current device set by the user. 
  warnings.warn(  # warn only once
/scratch3/NCEPDEV/fv3-cam/Ting.Lei/dr-miniconda3/envs/anemoi-training-env-python3.12/lib/python3.12/site-packages/torch/distributed/distributed_c10d.py:4631: UserWarning: No device id is provided via `init_process_group` or `barrier `. Using the current device set by the user. 
  warnings.warn(  # warn only once
/scratch3/NCEPDEV/fv3-cam/Ting.Lei/dr-miniconda3/envs/anemoi-training-env-python3.12/lib/python3.12/site-packages/torch/distributed/distributed_c10d.py:4631: UserWarning: No device id is provided via `init_process_group` or `barrier `. Using the current device set by the user. 
  warnings.warn(  # warn only once
/scratch3/NCEPDEV/fv3-cam/Ting.Lei/dr-miniconda3/envs/anemoi-training-env-python3.12/lib/python3.12/site-packages/torch/distributed/distributed_c10d.py:4631: UserWarning: No device id is provided via `init_process_group` or `barrier `. Using the current device set by the user. 
  warnings.warn(  # warn only once
/scratch3/NCEPDEV/fv3-cam/Ting.Lei/dr-miniconda3/envs/anemoi-training-env-python3.12/lib/python3.12/site-packages/torch/distributed/distributed_c10d.py:4631: UserWarning: No device id is provided via `init_process_group` or `barrier `. Using the current device set by the user. 
  warnings.warn(  # warn only once
/scratch3/NCEPDEV/fv3-cam/Ting.Lei/dr-miniconda3/envs/anemoi-training-env-python3.12/lib/python3.12/site-packages/torch/distributed/distributed_c10d.py:4631: UserWarning: No device id is provided via `init_process_group` or `barrier `. Using the current device set by the user. 
  warnings.warn(  # warn only once
/scratch3/NCEPDEV/fv3-cam/Ting.Lei/dr-miniconda3/envs/anemoi-training-env-python3.12/lib/python3.12/site-packages/torch/distributed/distributed_c10d.py:4631: UserWarning: No device id is provided via `init_process_group` or `barrier `. Using the current device set by the user. 
  warnings.warn(  # warn only once
