2026-05-12 13:19:18 INFO Running anemoi training command with overrides: ['--config-path', '/scratch3/NCEPDEV/fv3-cam/Ting.Lei/dr-anemoi-core/anemoi-core/training/docs/user-guide/examples', '--config-name', 'anemoi-training-rrfs-lam-neural-lam-verify-202405-1h-refc-input-graphtransformer-base_1-finer-graph-v1-single-input-day20240505-pl925500-reduced-vars', 'system.input.warm_start=/scratch3/NCEPDEV/fv3-cam/Ting.Lei/tlei-anemoi-training/base_1_graphtransformer_finer_graph_v1_single_input_day20240505_refc_input_pl925500_reduced_vars/checkpoint/f25324d4-e3cc-4907-a195-90a012bf4eef/inference-last.ckpt', 'dataloader.training.datasets.data.start=2024-05-05T15:00:00', 'dataloader.training.datasets.data.end=2024-05-05T20:00:00', 'dataloader.validation.datasets.data.start=2024-05-05T15:00:00', 'dataloader.validation.datasets.data.end=2024-05-05T20:00:00', 'dataloader.test.datasets.data.start=2024-05-05T15:00:00', 'dataloader.test.datasets.data.end=2024-05-05T20:00:00', 'data.frequency=1h', 'dataloader.training.datasets.data.frequency=1h', 'dataloader.validation.datasets.data.frequency=1h', 'dataloader.test.datasets.data.frequency=1h', 'training.num_sanity_val_steps=0', '--cfg', 'job']
/scratch3/NCEPDEV/fv3-cam/Ting.Lei/dr-miniconda3/envs/anemoi-training-env-python3.12/lib/python3.12/site-packages/pydantic/_internal/_generate_schema.py:2249: UnsupportedFieldAttributeWarning: The 'repr' attribute with value False was provided to the `Field()` function, which has no effect in the context it was used. 'repr' is field-specific metadata, and can only be attached to a model field using `Annotated` metadata or by assignment. This may have happened because an `Annotated` type alias using the `type` statement was used, or if the `Field()` function was attached to a single member of a union type.
  warnings.warn(
/scratch3/NCEPDEV/fv3-cam/Ting.Lei/dr-miniconda3/envs/anemoi-training-env-python3.12/lib/python3.12/site-packages/pydantic/_internal/_generate_schema.py:2249: UnsupportedFieldAttributeWarning: The 'frozen' attribute with value True was provided to the `Field()` function, which has no effect in the context it was used. 'frozen' is field-specific metadata, and can only be attached to a model field using `Annotated` metadata or by assignment. This may have happened because an `Annotated` type alias using the `type` statement was used, or if the `Field()` function was attached to a single member of a union type.
  warnings.warn(
2026-05-12 13:23:41 INFO Prepending current user directory (/scratch3/NCEPDEV/fv3-cam/Ting.Lei/dr-anemoi-core/anemoi-core) to the search path.
2026-05-12 13:23:41 INFO Search path is now: [provider=anemoi-cwd-searchpath-plugin, path=/scratch3/NCEPDEV/fv3-cam/Ting.Lei/dr-anemoi-core/anemoi-core, provider=hydra, path=pkg://hydra.conf, provider=main, path=/scratch3/NCEPDEV/fv3-cam/Ting.Lei/dr-anemoi-core/anemoi-core/training/docs/user-guide/examples, provider=anemoi-package-searchpath-plugin, path=pkg://anemoi.training/config]
2026-05-12 13:23:45 INFO Running anemoi training command with overrides: ['--config-path', '/scratch3/NCEPDEV/fv3-cam/Ting.Lei/dr-anemoi-core/anemoi-core/training/docs/user-guide/examples', '--config-name', 'anemoi-training-rrfs-lam-neural-lam-verify-202405-1h-refc-input-graphtransformer-base_1-finer-graph-v1-single-input-day20240505-pl925500-reduced-vars', 'system.input.warm_start=/scratch3/NCEPDEV/fv3-cam/Ting.Lei/tlei-anemoi-training/base_1_graphtransformer_finer_graph_v1_single_input_day20240505_refc_input_pl925500_reduced_vars/checkpoint/f25324d4-e3cc-4907-a195-90a012bf4eef/inference-last.ckpt', 'dataloader.training.datasets.data.start=2024-05-05T15:00:00', 'dataloader.training.datasets.data.end=2024-05-05T20:00:00', 'dataloader.validation.datasets.data.start=2024-05-05T15:00:00', 'dataloader.validation.datasets.data.end=2024-05-05T20:00:00', 'dataloader.test.datasets.data.start=2024-05-05T15:00:00', 'dataloader.test.datasets.data.end=2024-05-05T20:00:00', 'data.frequency=1h', 'dataloader.training.datasets.data.frequency=1h', 'dataloader.validation.datasets.data.frequency=1h', 'dataloader.test.datasets.data.frequency=1h', 'training.num_sanity_val_steps=0']
/scratch3/NCEPDEV/fv3-cam/Ting.Lei/dr-miniconda3/envs/anemoi-training-env-python3.12/lib/python3.12/site-packages/pydantic/_internal/_generate_schema.py:2249: UnsupportedFieldAttributeWarning: The 'repr' attribute with value False was provided to the `Field()` function, which has no effect in the context it was used. 'repr' is field-specific metadata, and can only be attached to a model field using `Annotated` metadata or by assignment. This may have happened because an `Annotated` type alias using the `type` statement was used, or if the `Field()` function was attached to a single member of a union type.
  warnings.warn(
/scratch3/NCEPDEV/fv3-cam/Ting.Lei/dr-miniconda3/envs/anemoi-training-env-python3.12/lib/python3.12/site-packages/pydantic/_internal/_generate_schema.py:2249: UnsupportedFieldAttributeWarning: The 'frozen' attribute with value True was provided to the `Field()` function, which has no effect in the context it was used. 'frozen' is field-specific metadata, and can only be attached to a model field using `Annotated` metadata or by assignment. This may have happened because an `Annotated` type alias using the `type` statement was used, or if the `Field()` function was attached to a single member of a union type.
  warnings.warn(
2026-05-12 13:23:53 INFO Prepending current user directory (/scratch3/NCEPDEV/fv3-cam/Ting.Lei/dr-anemoi-core/anemoi-core) to the search path.
2026-05-12 13:23:53 INFO Search path is now: [provider=anemoi-cwd-searchpath-plugin, path=/scratch3/NCEPDEV/fv3-cam/Ting.Lei/dr-anemoi-core/anemoi-core, provider=hydra, path=pkg://hydra.conf, provider=main, path=/scratch3/NCEPDEV/fv3-cam/Ting.Lei/dr-anemoi-core/anemoi-core/training/docs/user-guide/examples, provider=anemoi-package-searchpath-plugin, path=pkg://anemoi.training/config]
Error executing job with overrides: ['system.input.warm_start=/scratch3/NCEPDEV/fv3-cam/Ting.Lei/tlei-anemoi-training/base_1_graphtransformer_finer_graph_v1_single_input_day20240505_refc_input_pl925500_reduced_vars/checkpoint/f25324d4-e3cc-4907-a195-90a012bf4eef/inference-last.ckpt', 'dataloader.training.datasets.data.start=2024-05-05T15:00:00', 'dataloader.training.datasets.data.end=2024-05-05T20:00:00', 'dataloader.validation.datasets.data.start=2024-05-05T15:00:00', 'dataloader.validation.datasets.data.end=2024-05-05T20:00:00', 'dataloader.test.datasets.data.start=2024-05-05T15:00:00', 'dataloader.test.datasets.data.end=2024-05-05T20:00:00', 'data.frequency=1h', 'dataloader.training.datasets.data.frequency=1h', 'dataloader.validation.datasets.data.frequency=1h', 'dataloader.test.datasets.data.frequency=1h', 'training.num_sanity_val_steps=0']
Traceback (most recent call last):
  File "/scratch3/NCEPDEV/fv3-cam/Ting.Lei/dr-miniconda3/envs/anemoi-training-env-python3.12/lib/python3.12/site-packages/anemoi/utils/cli.py", line 264, in cli_main
    cmd.run(args, unknown)
  File "/scratch3/NCEPDEV/fv3-cam/Ting.Lei/dr-anemoi-core/anemoi-core/training/src/anemoi/training/commands/train.py", line 80, in run
    main()
  File "/scratch3/NCEPDEV/fv3-cam/Ting.Lei/dr-anemoi-core/anemoi-core/training/src/anemoi/training/commands/train.py", line 91, in main
    anemoi_train()
  File "/scratch3/NCEPDEV/fv3-cam/Ting.Lei/dr-miniconda3/envs/anemoi-training-env-python3.12/lib/python3.12/site-packages/hydra/main.py", line 94, in decorated_main
    _run_hydra(
  File "/scratch3/NCEPDEV/fv3-cam/Ting.Lei/dr-miniconda3/envs/anemoi-training-env-python3.12/lib/python3.12/site-packages/hydra/_internal/utils.py", line 394, in _run_hydra
    _run_app(
  File "/scratch3/NCEPDEV/fv3-cam/Ting.Lei/dr-miniconda3/envs/anemoi-training-env-python3.12/lib/python3.12/site-packages/hydra/_internal/utils.py", line 457, in _run_app
    run_and_report(
  File "/scratch3/NCEPDEV/fv3-cam/Ting.Lei/dr-miniconda3/envs/anemoi-training-env-python3.12/lib/python3.12/site-packages/hydra/_internal/utils.py", line 223, in run_and_report
    raise ex
  File "/scratch3/NCEPDEV/fv3-cam/Ting.Lei/dr-miniconda3/envs/anemoi-training-env-python3.12/lib/python3.12/site-packages/hydra/_internal/utils.py", line 220, in run_and_report
    return func()
           ^^^^^^
  File "/scratch3/NCEPDEV/fv3-cam/Ting.Lei/dr-miniconda3/envs/anemoi-training-env-python3.12/lib/python3.12/site-packages/hydra/_internal/utils.py", line 458, in <lambda>
    lambda: hydra.run(
            ^^^^^^^^^^
  File "/scratch3/NCEPDEV/fv3-cam/Ting.Lei/dr-miniconda3/envs/anemoi-training-env-python3.12/lib/python3.12/site-packages/hydra/_internal/hydra.py", line 132, in run
    _ = ret.return_value
        ^^^^^^^^^^^^^^^^
  File "/scratch3/NCEPDEV/fv3-cam/Ting.Lei/dr-miniconda3/envs/anemoi-training-env-python3.12/lib/python3.12/site-packages/hydra/core/utils.py", line 260, in return_value
    raise self._return_value
  File "/scratch3/NCEPDEV/fv3-cam/Ting.Lei/dr-miniconda3/envs/anemoi-training-env-python3.12/lib/python3.12/site-packages/hydra/core/utils.py", line 186, in run_job
    ret.return_value = task_function(task_cfg)
                       ^^^^^^^^^^^^^^^^^^^^^^^
  File "/scratch3/NCEPDEV/fv3-cam/Ting.Lei/dr-anemoi-core/anemoi-core/training/src/anemoi/training/train/train.py", line 679, in main
    AnemoiTrainer(config).train()
    ^^^^^^^^^^^^^^^^^^^^^
  File "/scratch3/NCEPDEV/fv3-cam/Ting.Lei/dr-anemoi-core/anemoi-core/training/src/anemoi/training/train/train.py", line 71, in __init__
    self.config = BaseSchema(**config)
                  ^^^^^^^^^^^^^^^^^^^^
  File "/scratch3/NCEPDEV/fv3-cam/Ting.Lei/dr-miniconda3/envs/anemoi-training-env-python3.12/lib/python3.12/site-packages/pydantic/main.py", line 250, in __init__
    validated_self = self.__pydantic_validator__.validate_python(data, self_instance=self)
                     ^^^^^^^^^^^^^^^^^^^^^^^^^^^^^^^^^^^^^^^^^^^^^^^^^^^^^^^^^^^^^^^^^^^^^
pydantic_core._pydantic_core.ValidationError: 24 validation errors for BaseSchema
training.`anemoi.training.train.tasks.GraphForecaster`.scalers.datasets.data.stdev_tendency.GeneralVariableLossScalerSchema
  Input should be a valid dictionary or instance of GeneralVariableLossScalerSchema [type=model_type, input_value=None, input_type=NoneType]
    For further information visit https://errors.pydantic.dev/2.12/v/model_type
training.`anemoi.training.train.tasks.GraphForecaster`.scalers.datasets.data.stdev_tendency.function-after[validate_range_weight_factors_length(), TargetValueRangeScalerSchema]
  Input should be a valid dictionary or instance of TargetValueRangeScalerSchema [type=model_type, input_value=None, input_type=NoneType]
    For further information visit https://errors.pydantic.dev/2.12/v/model_type
training.`anemoi.training.train.tasks.GraphForecaster`.scalers.datasets.data.stdev_tendency.function-after[validate_range_weight_factors_length(), TargetTendencyRangeScalerSchema]
  Input should be a valid dictionary or instance of TargetTendencyRangeScalerSchema [type=model_type, input_value=None, input_type=NoneType]
    For further information visit https://errors.pydantic.dev/2.12/v/model_type
training.`anemoi.training.train.tasks.GraphForecaster`.scalers.datasets.data.stdev_tendency.VariableLevelScalerSchema
  Input should be a valid dictionary or instance of VariableLevelScalerSchema [type=model_type, input_value=None, input_type=NoneType]
    For further information visit https://errors.pydantic.dev/2.12/v/model_type
training.`anemoi.training.train.tasks.GraphForecaster`.scalers.datasets.data.stdev_tendency.VariableMaskingScalerSchema
  Input should be a valid dictionary or instance of VariableMaskingScalerSchema [type=model_type, input_value=None, input_type=NoneType]
    For further information visit https://errors.pydantic.dev/2.12/v/model_type
training.`anemoi.training.train.tasks.GraphForecaster`.scalers.datasets.data.stdev_tendency.TendencyScalerSchema
  Input should be a valid dictionary or instance of TendencyScalerSchema [type=model_type, input_value=None, input_type=NoneType]
    For further information visit https://errors.pydantic.dev/2.12/v/model_type
training.`anemoi.training.train.tasks.GraphForecaster`.scalers.datasets.data.stdev_tendency.NaNMaskScalerSchema
  Input should be a valid dictionary or instance of NaNMaskScalerSchema [type=model_type, input_value=None, input_type=NoneType]
    For further information visit https://errors.pydantic.dev/2.12/v/model_type
training.`anemoi.training.train.tasks.GraphForecaster`.scalers.datasets.data.stdev_tendency.GraphNodeAttributeScalerSchema
  Input should be a valid dictionary or instance of GraphNodeAttributeScalerSchema [type=model_type, input_value=None, input_type=NoneType]
    For further information visit https://errors.pydantic.dev/2.12/v/model_type
training.`anemoi.training.train.tasks.GraphForecaster`.scalers.datasets.data.stdev_tendency.TimeStepScalerSchema
  Input should be a valid dictionary or instance of TimeStepScalerSchema [type=model_type, input_value=None, input_type=NoneType]
    For further information visit https://errors.pydantic.dev/2.12/v/model_type
training.`anemoi.training.train.tasks.GraphForecaster`.scalers.datasets.data.stdev_tendency.UniformTimeStepScalerSchema
  Input should be a valid dictionary or instance of UniformTimeStepScalerSchema [type=model_type, input_value=None, input_type=NoneType]
    For further information visit https://errors.pydantic.dev/2.12/v/model_type
training.`anemoi.training.train.tasks.GraphForecaster`.scalers.datasets.data.stdev_tendency.LeadTimeDecayScalerSchema
  Input should be a valid dictionary or instance of LeadTimeDecayScalerSchema [type=model_type, input_value=None, input_type=NoneType]
    For further information visit https://errors.pydantic.dev/2.12/v/model_type
training.`anemoi.training.train.tasks.GraphForecaster`.scalers.datasets.data.stdev_tendency.ReweightedGraphNodeAttributeScalerSchema
  Input should be a valid dictionary or instance of ReweightedGraphNodeAttributeScalerSchema [type=model_type, input_value=None, input_type=NoneType]
    For further information visit https://errors.pydantic.dev/2.12/v/model_type
training.`anemoi.training.train.tasks.GraphForecaster`.scalers.datasets.data.var_tendency.GeneralVariableLossScalerSchema
  Input should be a valid dictionary or instance of GeneralVariableLossScalerSchema [type=model_type, input_value=None, input_type=NoneType]
    For further information visit https://errors.pydantic.dev/2.12/v/model_type
training.`anemoi.training.train.tasks.GraphForecaster`.scalers.datasets.data.var_tendency.function-after[validate_range_weight_factors_length(), TargetValueRangeScalerSchema]
  Input should be a valid dictionary or instance of TargetValueRangeScalerSchema [type=model_type, input_value=None, input_type=NoneType]
    For further information visit https://errors.pydantic.dev/2.12/v/model_type
training.`anemoi.training.train.tasks.GraphForecaster`.scalers.datasets.data.var_tendency.function-after[validate_range_weight_factors_length(), TargetTendencyRangeScalerSchema]
  Input should be a valid dictionary or instance of TargetTendencyRangeScalerSchema [type=model_type, input_value=None, input_type=NoneType]
    For further information visit https://errors.pydantic.dev/2.12/v/model_type
training.`anemoi.training.train.tasks.GraphForecaster`.scalers.datasets.data.var_tendency.VariableLevelScalerSchema
  Input should be a valid dictionary or instance of VariableLevelScalerSchema [type=model_type, input_value=None, input_type=NoneType]
    For further information visit https://errors.pydantic.dev/2.12/v/model_type
training.`anemoi.training.train.tasks.GraphForecaster`.scalers.datasets.data.var_tendency.VariableMaskingScalerSchema
  Input should be a valid dictionary or instance of VariableMaskingScalerSchema [type=model_type, input_value=None, input_type=NoneType]
    For further information visit https://errors.pydantic.dev/2.12/v/model_type
training.`anemoi.training.train.tasks.GraphForecaster`.scalers.datasets.data.var_tendency.TendencyScalerSchema
  Input should be a valid dictionary or instance of TendencyScalerSchema [type=model_type, input_value=None, input_type=NoneType]
    For further information visit https://errors.pydantic.dev/2.12/v/model_type
training.`anemoi.training.train.tasks.GraphForecaster`.scalers.datasets.data.var_tendency.NaNMaskScalerSchema
  Input should be a valid dictionary or instance of NaNMaskScalerSchema [type=model_type, input_value=None, input_type=NoneType]
    For further information visit https://errors.pydantic.dev/2.12/v/model_type
training.`anemoi.training.train.tasks.GraphForecaster`.scalers.datasets.data.var_tendency.GraphNodeAttributeScalerSchema
  Input should be a valid dictionary or instance of GraphNodeAttributeScalerSchema [type=model_type, input_value=None, input_type=NoneType]
    For further information visit https://errors.pydantic.dev/2.12/v/model_type
training.`anemoi.training.train.tasks.GraphForecaster`.scalers.datasets.data.var_tendency.TimeStepScalerSchema
  Input should be a valid dictionary or instance of TimeStepScalerSchema [type=model_type, input_value=None, input_type=NoneType]
    For further information visit https://errors.pydantic.dev/2.12/v/model_type
training.`anemoi.training.train.tasks.GraphForecaster`.scalers.datasets.data.var_tendency.UniformTimeStepScalerSchema
  Input should be a valid dictionary or instance of UniformTimeStepScalerSchema [type=model_type, input_value=None, input_type=NoneType]
    For further information visit https://errors.pydantic.dev/2.12/v/model_type
training.`anemoi.training.train.tasks.GraphForecaster`.scalers.datasets.data.var_tendency.LeadTimeDecayScalerSchema
  Input should be a valid dictionary or instance of LeadTimeDecayScalerSchema [type=model_type, input_value=None, input_type=NoneType]
    For further information visit https://errors.pydantic.dev/2.12/v/model_type
training.`anemoi.training.train.tasks.GraphForecaster`.scalers.datasets.data.var_tendency.ReweightedGraphNodeAttributeScalerSchema
  Input should be a valid dictionary or instance of ReweightedGraphNodeAttributeScalerSchema [type=model_type, input_value=None, input_type=NoneType]
    For further information visit https://errors.pydantic.dev/2.12/v/model_type
